Sa 21. Feb 17:49:34 CET 2015
build/Debug/bin/test/flux:
.
Test run complete. 1 tests run, 1 succeeded, 0 failed.
build/Release/bin/test/flux:
.
Test run complete. 1 tests run, 1 succeeded, 0 failed.
